[17:40:42] [ServerMain/INFO]: [bootstrap] Running Java 25 (OpenJDK 64-Bit Server VM 25.0.4.1+1-suse-01600-x8664; N/A null) on Linux 6.12.0-160000.37-default (amd64)
[17:40:42] [ServerMain/INFO]: [bootstrap] Loading Paper 26.3-26-dev/26.3@a255185 (2026-09-20T02:46:17Z) for Minecraft 26.3
[17:40:42] [ServerMain/INFO]: [PluginInitializerManager] Initializing plugins...
[17:40:43] [ServerMain/WARN]: [org.eclipse.aether.internal.impl.synccontext.named.DiscriminatingNameMapper] Failed to get hostname, using 'localhost'
java.net.UnknownHostException: jdk.internal.util.Exceptions$NonSocketInfo@535a0fcdpc: Name or service not known
	at java.base/java.net.InetAddress.getLocalHost(InetAddress.java:1800) ~[?:?]
	at org.eclipse.aether.internal.impl.synccontext.named.DiscriminatingNameMapper.getHostname(DiscriminatingNameMapper.java:90) ~[maven-resolver-impl-1.9.18.jar:1.9.18]
	at org.eclipse.aether.internal.impl.synccontext.named.DiscriminatingNameMapper.<init>(DiscriminatingNameMapper.java:69) ~[maven-resolver-impl-1.9.18.jar:1.9.18]
	at org.eclipse.aether.internal.impl.synccontext.named.NameMappers.discriminatingNameMapper(NameMappers.java:68) ~[maven-resolver-impl-1.9.18.jar:1.9.18]
	at org.eclipse.aether.internal.impl.synccontext.named.NamedLockFactoryAdapterFactoryImpl.getManuallyCreatedNameMappers(NamedLockFactoryAdapterFactoryImpl.java:78) ~[maven-resolver-impl-1.9.18.jar:1.9.18]
	at org.eclipse.aether.internal.impl.synccontext.named.NamedLockFactoryAdapterFactoryImpl.<init>(NamedLockFactoryAdapterFactoryImpl.java:107) ~[maven-resolver-impl-1.9.18.jar:1.9.18]
	at java.base/jdk.internal.reflect.DirectConstructorHandleAccessor.newInstance(DirectConstructorHandleAccessor.java:62) ~[?:?]
	at java.base/java.lang.reflect.Constructor.newInstanceWithCaller(Constructor.java:499) ~[?:?]
	at java.base/java.lang.reflect.Constructor.newInstance(Constructor.java:483) ~[?:?]
	at org.eclipse.aether.impl.DefaultServiceLocator$Entry.newInstance(DefaultServiceLocator.java:159) ~[maven-resolver-impl-1.9.18.jar:1.9.18]
	at org.eclipse.aether.impl.DefaultServiceLocator$Entry.getInstances(DefaultServiceLocator.java:140) ~[maven-resolver-impl-1.9.18.jar:1.9.18]
	at org.eclipse.aether.impl.DefaultServiceLocator$Entry.getInstance(DefaultServiceLocator.java:130) ~[maven-resolver-impl-1.9.18.jar:1.9.18]
	at org.eclipse.aether.impl.DefaultServiceLocator.getService(DefaultServiceLocator.java:271) ~[maven-resolver-impl-1.9.18.jar:1.9.18]
	at org.eclipse.aether.internal.impl.synccontext.DefaultSyncContextFactory.initService(DefaultSyncContextFactory.java:68) ~[maven-resolver-impl-1.9.18.jar:1.9.18]
	at org.eclipse.aether.impl.DefaultServiceLocator$Entry.newInstance(DefaultServiceLocator.java:163) ~[maven-resolver-impl-1.9.18.jar:1.9.18]
	at org.eclipse.aether.impl.DefaultServiceLocator$Entry.getInstances(DefaultServiceLocator.java:140) ~[maven-resolver-impl-1.9.18.jar:1.9.18]
	at org.eclipse.aether.impl.DefaultServiceLocator$Entry.getInstance(DefaultServiceLocator.java:130) ~[maven-resolver-impl-1.9.18.jar:1.9.18]
	at org.eclipse.aether.impl.DefaultServiceLocator.getService(DefaultServiceLocator.java:271) ~[maven-resolver-impl-1.9.18.jar:1.9.18]
	at org.eclipse.aether.internal.impl.DefaultMetadataResolver.initService(DefaultMetadataResolver.java:123) ~[maven-resolver-impl-1.9.18.jar:1.9.18]
	at org.eclipse.aether.impl.DefaultServiceLocator$Entry.newInstance(DefaultServiceLocator.java:163) ~[maven-resolver-impl-1.9.18.jar:1.9.18]
	at org.eclipse.aether.impl.DefaultServiceLocator$Entry.getInstances(DefaultServiceLocator.java:140) ~[maven-resolver-impl-1.9.18.jar:1.9.18]
	at org.eclipse.aether.impl.DefaultServiceLocator$Entry.getInstance(DefaultServiceLocator.java:130) ~[maven-resolver-impl-1.9.18.jar:1.9.18]
	at org.eclipse.aether.impl.DefaultServiceLocator.getService(DefaultServiceLocator.java:271) ~[maven-resolver-impl-1.9.18.jar:1.9.18]
	at org.apache.maven.repository.internal.DefaultVersionResolver.initService(DefaultVersionResolver.java:106) ~[maven-resolver-provider-3.9.6.jar:3.9.6]
	at org.eclipse.aether.impl.DefaultServiceLocator$Entry.newInstance(DefaultServiceLocator.java:163) ~[maven-resolver-impl-1.9.18.jar:1.9.18]
	at org.eclipse.aether.impl.DefaultServiceLocator$Entry.getInstances(DefaultServiceLocator.java:140) ~[maven-resolver-impl-1.9.18.jar:1.9.18]
	at org.eclipse.aether.impl.DefaultServiceLocator$Entry.getInstance(DefaultServiceLocator.java:130) ~[maven-resolver-impl-1.9.18.jar:1.9.18]
	at org.eclipse.aether.impl.DefaultServiceLocator.getService(DefaultServiceLocator.java:271) ~[maven-resolver-impl-1.9.18.jar:1.9.18]
	at org.eclipse.aether.internal.impl.DefaultRepositorySystem.initService(DefaultRepositorySystem.java:158) ~[maven-resolver-impl-1.9.18.jar:1.9.18]
	at org.eclipse.aether.impl.DefaultServiceLocator$Entry.newInstance(DefaultServiceLocator.java:163) ~[maven-resolver-impl-1.9.18.jar:1.9.18]
	at org.eclipse.aether.impl.DefaultServiceLocator$Entry.getInstances(DefaultServiceLocator.java:140) ~[maven-resolver-impl-1.9.18.jar:1.9.18]
	at org.eclipse.aether.impl.DefaultServiceLocator$Entry.getInstance(DefaultServiceLocator.java:130) ~[maven-resolver-impl-1.9.18.jar:1.9.18]
	at org.eclipse.aether.impl.DefaultServiceLocator.getService(DefaultServiceLocator.java:271) ~[maven-resolver-impl-1.9.18.jar:1.9.18]
	at org.bukkit.plugin.java.LibraryLoader.<init>(LibraryLoader.java:62) ~[paper-api-26.3.build.26-alpha.jar:?]
	at io.papermc.paper.plugin.provider.type.spigot.SpigotPluginProvider.<clinit>(SpigotPluginProvider.java:38) ~[paper-26.3.jar:26.3-26-a255185]
	at io.papermc.paper.plugin.provider.type.PluginFileType.<clinit>(PluginFileType.java:40) ~[paper-26.3.jar:26.3-26-a255185]
	at io.papermc.paper.plugin.provider.source.FileProviderSource.registerProviders(FileProviderSource.java:65) ~[paper-26.3.jar:26.3-26-a255185]
	at io.papermc.paper.plugin.provider.source.PluginFlagProviderSource.registerProviders(PluginFlagProviderSource.java:37) ~[paper-26.3.jar:26.3-26-a255185]
	at io.papermc.paper.plugin.provider.source.PluginFlagProviderSource.registerProviders(PluginFlagProviderSource.java:14) ~[paper-26.3.jar:26.3-26-a255185]
	at io.papermc.paper.plugin.util.EntrypointUtil.registerProvidersFromSource(EntrypointUtil.java:15) ~[paper-26.3.jar:26.3-26-a255185]
	at io.papermc.paper.plugin.PluginInitializerManager.load(PluginInitializerManager.java:109) ~[paper-26.3.jar:26.3-26-a255185]
	at net.minecraft.server.Main.main(Main.java:113) ~[paper-26.3.jar:26.3-26-a255185]
	at io.papermc.paper.PaperBootstrap.boot(PaperBootstrap.java:25) ~[paper-26.3.jar:26.3-26-a255185]
	at org.bukkit.craftbukkit.Main.main(Main.java:204) ~[paper-26.3.jar:26.3-26-a255185]
	at io.papermc.paperclip.Paperclip.lambda$main$0(Paperclip.java:42) ~[?:?]
	at java.base/java.lang.Thread.run(Thread.java:1474) ~[?:?]
Caused by: java.net.UnknownHostException: pc: Name or service not known
	at java.base/java.net.Inet6AddressImpl.lookupAllHostAddr(Native Method) ~[?:?]
	at java.base/java.net.Inet6AddressImpl.lookupAllHostAddr(Inet6AddressImpl.java:52) ~[?:?]
	at java.base/java.net.InetAddress$PlatformResolver.lookupByName(InetAddress.java:1134) ~[?:?]
	at java.base/java.net.InetAddress.getAddressesFromNameService(InetAddress.java:1712) ~[?:?]
	at java.base/java.net.InetAddress$NameServiceAddresses.get(InetAddress.java:1060) ~[?:?]
	at java.base/java.net.InetAddress.getAllByName0(InetAddress.java:1702) ~[?:?]
	at java.base/java.net.InetAddress.getLocalHost(InetAddress.java:1796) ~[?:?]
	... 45 more
[17:40:43] [ServerMain/INFO]: [PluginInitializerManager] Initialized 1 plugin
[17:40:43] [ServerMain/INFO]: [PluginInitializerManager] Bukkit plugins (1):
 - zombieArenaPlugin (1.0.0)
[17:40:49] [DataConverter MCTypeRegistry init thread/INFO]: [ca.spottedleaf.dataconverter.minecraft.datatypes.MCTypeRegistry] Initialising converters for DataConverter...
[17:40:50] [ServerMain/INFO]: [com.destroystokyo.paper.profile.PaperServicesDiscoveryService] Environment: Environment[discoveryUrl=https://discovery.minecraftservices.com/minecraft/client, name=PROD]
[17:40:51] [DataConverter MCTypeRegistry init thread/INFO]: [ca.spottedleaf.dataconverter.minecraft.datatypes.MCTypeRegistry] Finished initialising converters for DataConverter in 1,506.5ms
[17:40:55] [Worker-Main-1/INFO]: Loaded 1866 advancements
[17:40:55] [Server thread/INFO]: Starting minecraft server version 26.3
[17:40:55] [Server thread/INFO]: Loading properties
[17:40:55] [Server thread/INFO]: This server is running Paper version 26.3-26-dev/26.3@a255185 (2026-09-20T02:46:17Z) (Implementing API version 26.3.build.26-alpha)
[17:40:55] [Server thread/INFO]: [spark] This server bundles the spark profiler. For more information please visit https://docs.papermc.io/paper/profiling
[17:40:56] [Server thread/INFO]: Server Ping Player Sample Count: 12
[17:40:56] [Server thread/INFO]: Using 4 threads for Netty based IO
[17:40:56] [Server thread/INFO]: [MoonriseCommon] Paper is using 1 worker threads, 1 I/O threads
[17:40:56] [Server thread/INFO]: Default game type: SURVIVAL
[17:40:56] [Server thread/INFO]: Generating keypair
[17:40:56] [Server thread/INFO]: Starting Minecraft server on *:25565
[17:40:56] [Server thread/INFO]: Paper: Using libdeflate (Linux x86_64) compression from Velocity.
[17:40:56] [Server thread/INFO]: Paper: Using OpenSSL 3.x.x (Linux x86_64) cipher from Velocity.
[17:40:57] [Server thread/INFO]: [zombieArenaPlugin] Loading server plugin zombieArenaPlugin v1.0.0
[17:40:57] [Server thread/INFO]: Preparing level "world"
[17:40:57] [Server thread/INFO]: Loading 0 persistent chunks for level 'minecraft:overworld'...
[17:40:57] [Server thread/INFO]: Prepared spawn area in 2 ms
[17:40:57] [Server thread/INFO]: Loading 0 persistent chunks for level 'minecraft:the_nether'...
[17:40:57] [Server thread/INFO]: Prepared spawn area in 1 ms
[17:40:57] [Server thread/INFO]: Loading 0 persistent chunks for level 'minecraft:the_end'...
[17:40:57] [Server thread/INFO]: Preparing spawn area: 100%
[17:40:57] [Server thread/INFO]: Prepared spawn area in 4 ms
[17:40:57] [Server thread/INFO]: Done preparing level "world" (0.679s)
[17:40:57] [Server thread/INFO]: [zombieArenaPlugin] Enabling zombieArenaPlugin v1.0.0
[17:40:58] [Server thread/INFO]: [spark] Starting background profiler...
[17:40:58] [Server thread/INFO]: Saving chunks for level 'ServerLevel[world]'/minecraft:overworld
[17:40:58] [Server thread/INFO]: Saving chunks for level 'ServerLevel[world]'/minecraft:the_nether
[17:40:59] [Server thread/INFO]: Saving chunks for level 'ServerLevel[world]'/minecraft:the_end
[17:40:59] [Server thread/INFO]: Running delayed init tasks
[17:40:59] [Server thread/INFO]: Done (24.061s)! For help, type "help"
[17:42:02] [User Authenticator #0/INFO]: UUID of player OttaThePlayer is 7c2e32d3-dcd8-4d65-b860-7f19a590c63b
[17:42:04] [Server thread/INFO]: System chat: OttaThePlayer joined the game
[17:42:04] [Server thread/INFO]: OttaThePlayer[/127.0.0.1:51798] logged in with entity id 93 at ([minecraft:overworld]235.5307593667065, 117.0, -6.479620496299771)
[17:42:20] [Server thread/INFO]: OttaThePlayer issued server command: /kill OttaThePlayer
[17:42:20] [Server thread/INFO]: System chat: OttaThePlayer was killed
[17:42:20] [Server thread/INFO]: System chat: [OttaThePlayer: Killed OttaThePlayer]
[17:42:29] [Server thread/INFO]: OttaThePlayer lost connection: Disconnected
[17:42:29] [Server thread/INFO]: System chat: OttaThePlayer left the game
[17:42:39] [Server thread/INFO]: System chat: Stopping the server
[17:42:39] [Server thread/INFO]: Stopping server
[17:42:39] [Server thread/INFO]: [zombieArenaPlugin] Disabling zombieArenaPlugin v1.0.0
[17:42:39] [Server thread/INFO]: Saving players
[17:42:39] [Server thread/INFO]: Saving worlds
[17:42:40] [Server thread/INFO]: Saving chunks for level 'ServerLevel[world]'/minecraft:overworld
[17:42:40] [Server thread/INFO]: [ChunkHolderManager] Waiting 60s for chunk system to halt for world 'minecraft:overworld'
[17:42:40] [Server thread/INFO]: [ChunkHolderManager] Halted chunk system for world 'minecraft:overworld'
[17:42:40] [Server thread/INFO]: [ChunkHolderManager] Saving all chunkholders for world 'minecraft:overworld'
[17:42:42] [Server thread/INFO]: [ChunkHolderManager] Saved 633 block chunks, 633 entity chunks, 0 poi chunks in world 'minecraft:overworld' in 2.35s
[17:42:42] [Server thread/INFO]: [ChunkHolderManager] Waiting 60s for chunk I/O to halt for world 'minecraft:overworld'
[17:42:42] [Server thread/INFO]: [ChunkHolderManager] Halted I/O scheduler for world 'minecraft:overworld'
[17:42:42] [Server thread/INFO]: Saving chunks for level 'ServerLevel[world]'/minecraft:the_nether
[17:42:42] [Server thread/INFO]: [ChunkHolderManager] Waiting 60s for chunk system to halt for world 'minecraft:the_nether'
[17:42:42] [Server thread/INFO]: [ChunkHolderManager] Halted chunk system for world 'minecraft:the_nether'
[17:42:42] [Server thread/INFO]: [ChunkHolderManager] Saving all chunkholders for world 'minecraft:the_nether'
[17:42:42] [Server thread/INFO]: [ChunkHolderManager] Saved 0 block chunks, 0 entity chunks, 0 poi chunks in world 'minecraft:the_nether' in 0.00s
[17:42:42] [Server thread/INFO]: [ChunkHolderManager] Waiting 60s for chunk I/O to halt for world 'minecraft:the_nether'
[17:42:42] [Server thread/INFO]: [ChunkHolderManager] Halted I/O scheduler for world 'minecraft:the_nether'
[17:42:42] [Server thread/INFO]: Saving chunks for level 'ServerLevel[world]'/minecraft:the_end
[17:42:43] [Server thread/INFO]: [ChunkHolderManager] Waiting 60s for chunk system to halt for world 'minecraft:the_end'
[17:42:43] [Server thread/INFO]: [ChunkHolderManager] Halted chunk system for world 'minecraft:the_end'
[17:42:43] [Server thread/INFO]: [ChunkHolderManager] Saving all chunkholders for world 'minecraft:the_end'
[17:42:43] [Server thread/INFO]: [ChunkHolderManager] Saved 0 block chunks, 0 entity chunks, 0 poi chunks in world 'minecraft:the_end' in 0.00s
[17:42:43] [Server thread/INFO]: [ChunkHolderManager] Waiting 60s for chunk I/O to halt for world 'minecraft:the_end'
[17:42:43] [Server thread/INFO]: [ChunkHolderManager] Halted I/O scheduler for world 'minecraft:the_end'
[17:42:43] [Server thread/INFO]: Waiting for all RegionFile I/O tasks to complete...
[17:42:43] [Server thread/INFO]: All RegionFile I/O tasks to complete
[17:42:43] [Server thread/INFO]: [MoonriseCommon] Awaiting termination of worker pool for up to 60s...
[17:42:43] [Server thread/INFO]: [MoonriseCommon] Awaiting termination of I/O pool for up to 60s...
